
 RUN  v4.1.10 /Users/felho/dev/pairflow/v3

 ❯ src/shippedRoute.test.ts (38 tests | 2 failed | 35 skipped) 8ms
     × RUNTIME: the edge INTO `implement` carrying `advancesRound: false` does NOT advance the round 5ms
     × RUNTIME: the edge into the WAIT carrying `advancesRound: true` ADVANCES the round 1ms

⎯⎯⎯⎯⎯⎯⎯ Failed Tests 2 ⎯⎯⎯⎯⎯⎯⎯

 FAIL  src/shippedRoute.test.ts > family 2 — the round effect follows the ADMITTED FLAG, not the TARGET's name > RUNTIME: the edge INTO `implement` carrying `advancesRound: false` does NOT advance the round
AssertionError: expected { currentStep: 'implement', …(5) } to match object { currentStep: 'implement', …(2) }
(3 matching properties omitted from actual)

- Expected
+ Received

  {
    "currentStep": "implement",
    "kernelStatus": "ACTIVE",
-   "round": 1,
+   "round": 2,
  }

 ❯ src/shippedRoute.test.ts:610:44
    608|     // the round must stay 1. A build answering `target === "implement…
    609|     // for the gate class reaches 2 here and reds.
    610|     expect(await stateOf(at.store, at.id)).toMatchObject({
       |                                            ^
    611|       currentStep: "implement",
    612|       kernelStatus: "ACTIVE",

⎯⎯⎯⎯⎯⎯⎯⎯⎯⎯⎯⎯⎯⎯⎯⎯⎯⎯⎯⎯⎯⎯⎯⎯[1/2]⎯

 FAIL  src/shippedRoute.test.ts > family 2 — the round effect follows the ADMITTED FLAG, not the TARGET's name > RUNTIME: the edge into the WAIT carrying `advancesRound: true` ADVANCES the round
AssertionError: expected { currentStep: 'commit_pending', …(5) } to match object { currentStep: 'commit_pending', …(2) }
(6 matching properties omitted from actual)

- Expected
+ Received

  {
    "currentStep": "commit_pending",
    "kernelStatus": "WAITING",
-   "round": 2,
+   "round": 1,
  }

 ❯ src/shippedRoute.test.ts:633:44
    631|     });
    632|     expect(outcome).toMatchObject({ kind: "committed" });
    633|     expect(await stateOf(at.store, at.id)).toMatchObject({
       |                                            ^
    634|       currentStep: "commit_pending",
    635|       kernelStatus: "WAITING",

⎯⎯⎯⎯⎯⎯⎯⎯⎯⎯⎯⎯⎯⎯⎯⎯⎯⎯⎯⎯⎯⎯⎯⎯[2/2]⎯


 Test Files  1 failed (1)
      Tests  2 failed | 1 passed | 35 skipped (38)
   Start at  00:11:14
   Duration  224ms (transform 125ms, setup 0ms, import 164ms, tests 8ms, environment 0ms)

