
 RUN  v4.1.10 /Users/felho/dev/pairflow/v3

 ❯ src/floor/floor.test.ts (26 tests | 1 failed) 38ms
     × `floor.ts` carries NO exception handling — F6's rule pinned at the source 4ms

⎯⎯⎯⎯⎯⎯⎯ Failed Tests 1 ⎯⎯⎯⎯⎯⎯⎯

 FAIL  src/floor/floor.test.ts > floor — F3 the correlation JOIN, and F6's no-catch rule > `floor.ts` carries NO exception handling — F6's rule pinned at the source
AssertionError: expected [ 'try', 'catch' ] to deeply equal []

- Expected
+ Received

- []
+ [
+   "try",
+   "catch",
+ ]

 ❯ src/floor/floor.test.ts:806:93
    804|
    805|   it("`floor.ts` carries NO exception handling — F6's rule pinned at t…
    806|     expect(exceptionHandling(readFileSync(new URL("./floor.ts", import…
       |                                                                                             ^
    807|       [],
    808|     );

⎯⎯⎯⎯⎯⎯⎯⎯⎯⎯⎯⎯⎯⎯⎯⎯⎯⎯⎯⎯⎯⎯⎯⎯[1/1]⎯


 Test Files  1 failed | 80 passed (81)
      Tests  1 failed | 3093 passed (3094)
   Start at  10:18:47
   Duration  23.70s (transform 3.90s, setup 0ms, import 7.60s, tests 82.94s, environment 4ms)

