
 RUN  v4.1.10 /Users/felho/dev/pairflow/v3

 ❯ src/cli/cli.test.ts (91 tests | 1 failed) 2380ms
     × the required flags and the POSITIONAL instance id (never `submit`'s --instance) 21ms

⎯⎯⎯⎯⎯⎯⎯ Failed Tests 1 ⎯⎯⎯⎯⎯⎯⎯

 FAIL  src/cli/cli.test.ts > cli — ch14-p3a family 5: argument shape and the absence boundary > the required flags and the POSITIONAL instance id (never `submit`'s --instance)
AssertionError: expected [ Array(1) ] to deeply equal []

- Expected
+ Received

- []
+ [
+   "{\"kind\":\"committed\",\"version\":4,\"intent\":null}",
+ ]

 ❯ errorDoc src/cli/cli.test.ts:409:25
    407|
    408| function errorDoc(result: Run): CliErrorDoc["error"] {
    409|   expect(result.stdout).toEqual([]);
       |                         ^
    410|   expect(result.stderr).toHaveLength(1);
    411|   const doc = JSON.parse(result.stderr[0] ?? "") as CliErrorDoc;
 ❯ assertErrorContract src/cli/cli.test.ts:418:17
 ❯ src/cli/cli.test.ts:3224:7

⎯⎯⎯⎯⎯⎯⎯⎯⎯⎯⎯⎯⎯⎯⎯⎯⎯⎯⎯⎯⎯⎯⎯⎯[1/1]⎯


 Test Files  1 failed | 80 passed (81)
      Tests  1 failed | 3093 passed (3094)
   Start at  10:26:12
   Duration  23.58s (transform 3.76s, setup 0ms, import 7.32s, tests 81.93s, environment 4ms)

