
 RUN  v4.1.10 /Users/felho/dev/pairflow/v3

 ❯ src/cli/cli.test.ts (91 tests | 3 failed) 2457ms
     × the SUBMIT path's four lanes: two classes, four names, and nothing committed 27ms
     × V4 (i) on the RESUME path — an unknown instance is the same standing not-found document 5ms
     × V6's TWO gated-out tokens cannot surface: unknown_instance is answered first, missing_version has no flag 15ms

⎯⎯⎯⎯⎯⎯⎯ Failed Tests 3 ⎯⎯⎯⎯⎯⎯⎯

 FAIL  src/cli/cli.test.ts > cli — ch14-p3a family 6: resolution failure and its ZERO side effects > the SUBMIT path's four lanes: two classes, four names, and nothing committed
AssertionError: expected +0 to be 3 // Object.is equality

- Expected
+ Received

- 3
+ 0

 ❯ observeGhost src/cli/cli.test.ts:2622:28
    2620|     const observeGhost = async (snapDb: string): Promise<unknown> => {
    2621|       const missing = await run(["detail", "ghost", "--db", snapDb, "-…
    2622|       expect(missing.code).toBe(EXIT.notFound);
       |                            ^
    2623|       expect(errorDoc(missing).name).toBe("UnknownInstance");
    2624|       // `list` takes no `--templates-dir` — it derives nothing.
 ❯ src/cli/cli.test.ts:2671:14

⎯⎯⎯⎯⎯⎯⎯⎯⎯⎯⎯⎯⎯⎯⎯⎯⎯⎯⎯⎯⎯⎯⎯⎯[1/3]⎯

 FAIL  src/cli/cli.test.ts > cli — ch14-p3a family 6: resolution failure and its ZERO side effects > V4 (i) on the RESUME path — an unknown instance is the same standing not-found document
AssertionError: expected [ { instanceId: 'ghost', …(8) } ] to deeply equal []

- Expected
+ Received

- []
+ [
+   {
+     "activationMode": "immediate",
+     "currentStep": null,
+     "instanceId": "ghost",
+     "kernelStatus": "CREATED",
+     "round": 0,
+     "runtimeContext": {
+       "state": "none",
+     },
+     "templateRef": {
+       "id": "gated-v0",
+       "version": 1,
+     },
+     "terminalDisposition": null,
+     "wait": null,
+   },
+ ]

 ❯ src/cli/cli.test.ts:2859:28
    2857|     expect(kernelBuilds).toEqual([]);
    2858|     expect(kernelCalls).toEqual([]);
    2859|     expect(await listed()).toEqual([]);
       |                            ^
    2860|   });
    2861| });

⎯⎯⎯⎯⎯⎯⎯⎯⎯⎯⎯⎯⎯⎯⎯⎯⎯⎯⎯⎯⎯⎯⎯⎯[2/3]⎯

 FAIL  src/cli/cli.test.ts > cli — ch14-p3a family 4: the exit and channel matrix, TOTAL over BOTH unions > V6's TWO gated-out tokens cannot surface: unknown_instance is answered first, missing_version has no flag
AssertionError: expected [ Array(1) ] to deeply equal []

- Expected
+ Received

- []
+ [
+   "{\"kind\":\"rejected\",\"reason\":\"not_waiting\"}",
+ ]

 ❯ errorDoc src/cli/cli.test.ts:409:25
    407|
    408| function errorDoc(result: Run): CliErrorDoc["error"] {
    409|   expect(result.stdout).toEqual([]);
       |                         ^
    410|   expect(result.stderr).toHaveLength(1);
    411|   const doc = JSON.parse(result.stderr[0] ?? "") as CliErrorDoc;
 ❯ assertErrorContract src/cli/cli.test.ts:418:17
 ❯ src/cli/cli.test.ts:3166:7

⎯⎯⎯⎯⎯⎯⎯⎯⎯⎯⎯⎯⎯⎯⎯⎯⎯⎯⎯⎯⎯⎯⎯⎯[3/3]⎯


 Test Files  1 failed | 80 passed (81)
      Tests  3 failed | 3091 passed (3094)
   Start at  12:54:32
   Duration  23.73s (transform 4.15s, setup 0ms, import 7.83s, tests 83.35s, environment 4ms)

