
 RUN  v4.1.10 /Users/felho/dev/pairflow/v3

 ❯ src/cli/cli.test.ts (91 tests | 1 failed) 2521ms
     × emits the WHOLE document with the member ABSENT for all THREE underivable conditions — and adds NO key 26ms

⎯⎯⎯⎯⎯⎯⎯ Failed Tests 1 ⎯⎯⎯⎯⎯⎯⎯

 FAIL  src/cli/cli.test.ts > cli — ch14-p3a family 1/3/10: the detail document under every derivability state > emits the WHOLE document with the member ABSENT for all THREE underivable conditions — and adds NO key
AssertionError: wired-and-throws: expected [] to strictly equal [ Array(3) ]

- Expected
+ Received

- [
-   {
-     "committedAt": 1000,
-     "entryKind": "STARTED",
-     "opId": "op_b73a46589f789e14032464391172b5584e28853115071d2709fd34195654d93c",
-     "seq": 1,
-   },
-   {
-     "committedAt": 1000,
-     "entryKind": "transition",
-     "envelope": {
-       "actorId": "operator",
-       "expectedRole": "implementer",
-       "expectedVersion": 2,
-       "instanceId": "inst-1",
-       "opId": "op_ca1f6bfd7d849d2d787e7dc73162fecb4e5482a917193d988fcd4f697d636c85",
-       "type": "PASS",
-     },
-     "gateDecisions": [],
-     "issuedAgentConfig": {},
-     "payloadDigest": "b14670c3dc18db79a9cd628b8d7b32a11aaed56881c473069da449254d2126ae",
-     "seq": 2,
-   },
-   {
-     "committedAt": 1000,
-     "decisions": [
-       "approve",
-       "again",
-       "finish",
-       "rework",
-     ],
-     "entryKind": "DECISION_REQUEST",
-     "recipient": "operator",
-     "recommendation": "approve",
-     "recommendationSource": {
-       "eventType": "PASS",
-       "fromStep": "implement",
-     },
-     "requestRef": "req-1000-1",
-     "seq": 3,
-   },
- ]
+ []

 ❯ src/cli/cli.test.ts:2356:39
    2354|       // the half the keyset pin cannot carry.
    2355|       expect(doc["instance"], lane).toStrictEqual(derivable["instance"…
    2356|       expect(doc["transcript"], lane).toStrictEqual(derivable["transcr…
       |                                       ^
    2357|       expect(doc["runner"], lane).toStrictEqual(derivable["runner"]);
    2358|       // …and the three arms are ONE AND THE SAME document: V9's recov…

⎯⎯⎯⎯⎯⎯⎯⎯⎯⎯⎯⎯⎯⎯⎯⎯⎯⎯⎯⎯⎯⎯⎯⎯[1/1]⎯


 Test Files  1 failed | 80 passed (81)
      Tests  1 failed | 3093 passed (3094)
   Start at  10:20:24
   Duration  23.62s (transform 3.88s, setup 0ms, import 7.57s, tests 82.86s, environment 4ms)

