
 RUN  v4.1.10 /Users/felho/dev/pairflow/v3

 ❯ src/floor/floor.test.ts (26 tests | 1 failed) 37ms
     × the floor's read surface grows by EXACTLY {pendingDecision}, and by NOTHING in every other state 6ms
 ❯ src/cli/cli.test.ts (91 tests | 3 failed) 2419ms
     × carries pendingDecision for a parked run, and grows by EXACTLY that one key 22ms
     × emits the WHOLE document with the member ABSENT for all THREE underivable conditions — and adds NO key 20ms
     × family 10: the emitted `detail` keyset is CLOSED in EVERY state — ACTIVE, parked-derivable, parked-underivable, a NON-decision WAIT, and TERMINAL 25ms
 ❯ src/cli/journey.test.ts (6 tests | 1 failed) 7583ms
     × ch14-p3a J1: park → decide → resume through the SHIPPED verbs, on a STAGED gate template 808ms

⎯⎯⎯⎯⎯⎯⎯ Failed Tests 5 ⎯⎯⎯⎯⎯⎯⎯

 FAIL  src/cli/cli.test.ts > cli — ch14-p3a family 1/3/10: the detail document under every derivability state > carries pendingDecision for a parked run, and grows by EXACTLY that one key
AssertionError: expected [ 'instance', 'pendingDecision', …(3) ] to deeply equal [ 'instance', 'pendingDecision', …(2) ]

- Expected
+ Received

  [
    "instance",
    "pendingDecision",
+   "pendingDecisionAvailable",
    "runner",
    "transcript",
  ]

 ❯ src/cli/cli.test.ts:2293:37
    2291|     expect(parked.code).toBe(EXIT.ok);
    2292|     // PER SURFACE, PER STATE, against a CLOSED literal keyset (F7).
    2293|     expect(Object.keys(doc).sort()).toEqual([
       |                                     ^
    2294|       "instance",
    2295|       "pendingDecision",

⎯⎯⎯⎯⎯⎯⎯⎯⎯⎯⎯⎯⎯⎯⎯⎯⎯⎯⎯⎯⎯⎯⎯⎯[1/5]⎯

 FAIL  src/cli/cli.test.ts > cli — ch14-p3a family 1/3/10: the detail document under every derivability state > emits the WHOLE document with the member ABSENT for all THREE underivable conditions — and adds NO key
AssertionError: expected [ 'instance', 'pendingDecision', …(3) ] to deeply equal [ 'instance', 'pendingDecision', …(2) ]

- Expected
+ Received

  [
    "instance",
    "pendingDecision",
+   "pendingDecisionAvailable",
    "runner",
    "transcript",
  ]

 ❯ src/cli/cli.test.ts:2370:43
    2368|     // member, which keeps the equalities above from being satisfiable…
    2369|     // a build that emitted the same degraded document everywhere.
    2370|     expect(Object.keys(derivable).sort()).toEqual([
       |                                           ^
    2371|       "instance",
    2372|       "pendingDecision",

⎯⎯⎯⎯⎯⎯⎯⎯⎯⎯⎯⎯⎯⎯⎯⎯⎯⎯⎯⎯⎯⎯⎯⎯[2/5]⎯

 FAIL  src/cli/cli.test.ts > cli — ch14-p3a family 1/3/10: the detail document under every derivability state > family 10: the emitted `detail` keyset is CLOSED in EVERY state — ACTIVE, parked-derivable, parked-underivable, a NON-decision WAIT, and TERMINAL
AssertionError: parked-and-derivable: expected [ 'instance', 'pendingDecision', …(3) ] to deeply equal [ 'instance', 'pendingDecision', …(2) ]

- Expected
+ Received

  [
    "instance",
    "pendingDecision",
+   "pendingDecisionAvailable",
    "runner",
    "transcript",
  ]

 ❯ src/cli/cli.test.ts:2405:56
    2403|     // keyset grows, and by exactly the one member.
    2404|     const id = await parkedRun(db, deps, dir);
    2405|     expect(await keysetOf(id), "parked-and-derivable").toEqual([
       |                                                        ^
    2406|       "instance",
    2407|       "pendingDecision",

⎯⎯⎯⎯⎯⎯⎯⎯⎯⎯⎯⎯⎯⎯⎯⎯⎯⎯⎯⎯⎯⎯⎯⎯[3/5]⎯

 FAIL  src/cli/journey.test.ts > cli — the full-lifecycle journey smoke (packet ch8-P2: J1/J2) > ch14-p3a J1: park → decide → resume through the SHIPPED verbs, on a STAGED gate template
AssertionError: expected [ 'instance', 'pendingDecision', …(3) ] to deeply equal [ 'instance', 'pendingDecision', …(2) ]

- Expected
+ Received

  [
    "instance",
    "pendingDecision",
+   "pendingDecisionAvailable",
    "runner",
    "transcript",
  ]

 ❯ src/cli/journey.test.ts:754:45
    752|       // The WHOLE top-level keyset, against a closed literal: a second
    753|       // explanatory key would pass every field assert below.
    754|       expect(Object.keys(parkedDoc).sort()).toEqual([
       |                                             ^
    755|         "instance",
    756|         "pendingDecision",

⎯⎯⎯⎯⎯⎯⎯⎯⎯⎯⎯⎯⎯⎯⎯⎯⎯⎯⎯⎯⎯⎯⎯⎯[4/5]⎯

 FAIL  src/floor/floor.test.ts > floor — F7/F1 non-movement, MEASURED, and the required-not-optional parameter > the floor's read surface grows by EXACTLY {pendingDecision}, and by NOTHING in every other state
AssertionError: expected [ 'instance', 'pendingDecision', …(2) ] to deeply equal [ 'instance', 'pendingDecision', …(1) ]

- Expected
+ Received

  [
    "instance",
    "pendingDecision",
+   "pendingDecisionAvailable",
    "transcript",
  ]

 ❯ src/floor/floor.test.ts:955:49
    953|     // union over states would pass the very placement error this pin
    954|     // exists to catch.
    955|     expect(Object.keys(derivable ?? {}).sort()).toEqual([
       |                                                 ^
    956|       "instance",
    957|       "pendingDecision",

⎯⎯⎯⎯⎯⎯⎯⎯⎯⎯⎯⎯⎯⎯⎯⎯⎯⎯⎯⎯⎯⎯⎯⎯[5/5]⎯


 Test Files  3 failed | 78 passed (81)
      Tests  5 failed | 3089 passed (3094)
   Start at  10:21:15
   Duration  23.70s (transform 3.99s, setup 0ms, import 7.60s, tests 82.29s, environment 4ms)

