
 RUN  v4.1.10 /Users/felho/dev/pairflow/v3

 ❯ src/cli/cli.test.ts (91 tests | 3 failed) 2313ms
     × every production file under `cli/` names the BARREL, never the leaf 7ms
     × the SUBMIT path's four lanes: two classes, four names, and nothing committed 25ms
     × the ORDERING member, submit-only: NOT parked + an unreadable pinned file answers (ii) at exit 3 10ms

⎯⎯⎯⎯⎯⎯⎯ Failed Tests 3 ⎯⎯⎯⎯⎯⎯⎯

 FAIL  src/cli/cli.test.ts > cli — ch14-p3a: the kernel and ingress import origins are PINNED > every production file under `cli/` names the BARREL, never the leaf
AssertionError: expected [ 'main.ts: kernel/kernel.js' ] to deeply equal []

- Expected
+ Received

- []
+ [
+   "main.ts: kernel/kernel.js",
+ ]

 ❯ src/cli/cli.test.ts:283:23
    281|     }
    282|     expect(seen).toBeGreaterThan(0);
    283|     expect(offenders).toEqual([]);
       |                       ^
    284|   });
    285|

⎯⎯⎯⎯⎯⎯⎯⎯⎯⎯⎯⎯⎯⎯⎯⎯⎯⎯⎯⎯⎯⎯⎯⎯[1/3]⎯

 FAIL  src/cli/cli.test.ts > cli — ch14-p3a family 6: resolution failure and its ZERO side effects > the SUBMIT path's four lanes: two classes, four names, and nothing committed
AssertionError: (ii): expected [ 'createKernel' ] to deeply equal []

- Expected
+ Received

- []
+ [
+   "createKernel",
+ ]

 ❯ src/cli/cli.test.ts:2669:34
    2667|       // returned BEFORE ANY KERNEL WAS BUILT. Asserted here, before t…
    2668|       // after-snapshot runs anything else through the CLI.
    2669|       expect(kernelBuilds, lane).toEqual([]);
       |                                  ^
    2670|       expect(kernelCalls, lane).toEqual([]);
    2671|       expect(await observeLane(), lane).toStrictEqual(before);

⎯⎯⎯⎯⎯⎯⎯⎯⎯⎯⎯⎯⎯⎯⎯⎯⎯⎯⎯⎯⎯⎯⎯⎯[2/3]⎯

 FAIL  src/cli/cli.test.ts > cli — ch14-p3a family 6: resolution failure and its ZERO side effects > the ORDERING member, submit-only: NOT parked + an unreadable pinned file answers (ii) at exit 3
AssertionError: expected [ 'createKernel' ] to deeply equal []

- Expected
+ Received

- []
+ [
+   "createKernel",
+ ]

 ❯ src/cli/cli.test.ts:2724:26
    2722|     // …and this ordering member is a V4 (ii) lane like any other, so …
    2723|     // owes the row's pre-kernel half too.
    2724|     expect(kernelBuilds).toEqual([]);
       |                          ^
    2725|     expect(kernelCalls).toEqual([]);
    2726|   });

⎯⎯⎯⎯⎯⎯⎯⎯⎯⎯⎯⎯⎯⎯⎯⎯⎯⎯⎯⎯⎯⎯⎯⎯[3/3]⎯


 Test Files  1 failed | 80 passed (81)
      Tests  3 failed | 3091 passed (3094)
   Start at  10:34:29
   Duration  23.39s (transform 3.83s, setup 0ms, import 7.37s, tests 81.39s, environment 4ms)

